// Jest Snapshot v1, https://goo.gl/fbAQLP

exports[`create info node 1`] = `
Object {
  "basePath": "/v2",
  "children": Array [],
  "consumes": undefined,
  "contact": Object {
    "email": "apiteam@swagger.io",
  },
  "description": "This is a sample server Petstore server.  You can find out more about Swagger at [http://swagger.io](http://swagger.io) or on [irc.freenode.net, #swagger](http://swagger.io/irc/).  For this sample, you can use the api key \`special-key\` to test the authorization filters.",
  "host": "petstore.swagger.io",
  "id": "parentFile.name Swagger Petstore 1.0.5",
  "internal": Object {
    "content": "",
    "contentDigest": undefined,
    "type": "SwaggerOpenApiInfo",
  },
  "license": Object {
    "name": "Apache 2.0",
    "url": "http://www.apache.org/licenses/LICENSE-2.0.html",
  },
  "name": "parentFile.name",
  "parent": "parentFile.id",
  "produces": undefined,
  "schemes": Array [
    "https",
    "http",
  ],
  "swagger": "2.0",
  "tags": Array [
    Object {
      "description": "Everything about your Pets",
      "externalDocs": Object {
        "description": "Find out more",
        "url": "http://swagger.io",
      },
      "name": "pet",
    },
    Object {
      "description": "Access to Petstore orders",
      "name": "store",
    },
    Object {
      "description": "Operations about user",
      "externalDocs": Object {
        "description": "Find out more about our store",
        "url": "http://swagger.io",
      },
      "name": "user",
    },
  ],
  "termsOfService": "http://swagger.io/terms/",
  "title": "Swagger Petstore",
  "version": "1.0.5",
}
`;

exports[`create path nodes 1`] = `
Array [
  Object {
    "name": "/pet/{petId}/uploadImage",
    "operations": Array [
      "post",
    ],
  },
  Object {
    "name": "/pet",
    "operations": Array [
      "post",
      "put",
    ],
  },
  Object {
    "name": "/pet/findByStatus",
    "operations": Array [
      "get",
    ],
  },
  Object {
    "name": "/pet/findByTags",
    "operations": Array [
      "get",
    ],
  },
  Object {
    "name": "/pet/{petId}",
    "operations": Array [
      "get",
      "post",
      "delete",
    ],
  },
  Object {
    "name": "/store/order",
    "operations": Array [
      "post",
    ],
  },
  Object {
    "name": "/store/order/{orderId}",
    "operations": Array [
      "get",
      "delete",
    ],
  },
  Object {
    "name": "/store/inventory",
    "operations": Array [
      "get",
    ],
  },
  Object {
    "name": "/user/createWithArray",
    "operations": Array [
      "post",
    ],
  },
  Object {
    "name": "/user/createWithList",
    "operations": Array [
      "post",
    ],
  },
  Object {
    "name": "/user/{username}",
    "operations": Array [
      "get",
      "put",
      "delete",
    ],
  },
  Object {
    "name": "/user/login",
    "operations": Array [
      "get",
    ],
  },
  Object {
    "name": "/user/logout",
    "operations": Array [
      "get",
    ],
  },
  Object {
    "name": "/user",
    "operations": Array [
      "post",
    ],
  },
]
`;
